// Vitest Snapshot v1, https://vitest.dev/guide/snapshot.html

exports[`.env > renders every setting, including the Restate identity public key 1`] = `
"# Written by \`nylorun start\`. Mode 0600: holds the Postgres password, the gates
# token and the Object store's secret key. Ports and secrets are kept across
# starts; images, UID/GID and the Host root are refreshed on every start.

# Published on 127.0.0.1; clients use http://localhost:<port>.
NYLORUN_PORT=8787
NYLORUN_STUDIO_PORT=4161
# Restate's UI and admin (unauthenticated) are published only with
# nylorun start --restate-ui (or NYLORUN_RESTATE_UI=1); decided on every start.
NYLORUN_RESTATE_PORT=9070
NYLORUN_RESTATE_UI=0

NYLORUN_POSTGRES_PASSWORD=0123456789abcdef0123456789abcdef0123456789abcdef

# The runtime presents this token to the gateway (the Model Gate) with every
# model call.
NYLORUN_GATES_TOKEN=fedcba9876543210fedcba9876543210fedcba9876543210fedcba9876543210

# The harness container presents this token to the runtime's Harness API; it
# holds no other credential. NYLORUN_HARNESS=in-process runs agent turns, MCP
# servers and workspaces in the runtime container instead (rollback); kept.
NYLORUN_HARNESS_TOKEN=a1b2c3d4a1b2c3d4a1b2c3d4a1b2c3d4a1b2c3d4a1b2c3d4a1b2c3d4a1b2c3d4
NYLORUN_HARNESS=remote

# RustFS (the Object store) accepts this secret key; only the runtime and the
# gateway receive it.
NYLORUN_OBJECT_STORE_SECRET_KEY=0123abcd0123abcd0123abcd0123abcd0123abcd0123abcd0123abcd0123abcd

# Restate signs requests to the Runtime's Worker endpoint with the private
# key in restate-identity.pem; the Runtime accepts only this public key.
NYLORUN_RESTATE_IDENTITY_KEY=publickeyv1_CgojDdtCBsK8zYsbqruLmwXgWqMYxDfu3n5qJdcJeNtv

# The Runtime and Studio containers run as this user, so files they write
# into the Host root belong to you.
NYLORUN_UID=501
NYLORUN_GID=20
NYLORUN_HOST_ROOT=/Users/dev/.nylorun/tenants/shop

NYLORUN_RUNTIME_IMAGE=ghcr.io/nylorun/runtime:0.10.0-beta
NYLORUN_STUDIO_IMAGE=ghcr.io/nylorun/studio:0.9.0-beta

# Exact origins that may show Studio in a frame; none by default. Kept across
# starts; add with nylorun start --studio-embed-origin <origin>.
NYLORUN_STUDIO_FRAME_ANCESTORS='https://app.example.com http://localhost:1420'

# Studio's anonymous usage analytics; empty when off. Set on every start: turn
# it off with nylorun telemetry disable or NYLORUN_TELEMETRY_DISABLED=1.
NYLORUN_STUDIO_ANALYTICS_ID=G-K6RPDFH6Q6

# The Tenant's name, which the Runtime gives the Tenant it creates on the first
# start.
NYLORUN_TENANT_NAME=shop
"
`;

exports[`compose.yaml > matches the committed file 1`] = `
"# Written by \`nylorun start\`; rewritten on every start. Settings live in .env.
name: nylorun-shop

x-tenant: &tenant
  dev.nylorun.tenant: "shop"

services:
  postgres: # Session Store
    image: postgres:17.11
    container_name: nylorun-shop-postgres
    labels: *tenant
    # Logical replication feeds the stream relay; a stuck slot is capped at 4 GB of WAL.
    command: ["postgres", "-c", "wal_level=logical", "-c", "max_slot_wal_keep_size=4GB"]
    environment:
      POSTGRES_USER: nylorun
      POSTGRES_PASSWORD: \${NYLORUN_POSTGRES_PASSWORD:?run nylorun start}
      POSTGRES_DB: nylorun
      POSTGRES_INITDB_ARGS: "--locale=C" # C collation for the whole database
    volumes:
      - postgres:/var/lib/postgresql/data
    networks: [store]
    healthcheck:
      test: ["CMD-SHELL", "pg_isready -U nylorun -d nylorun"]
      interval: 2s
      timeout: 5s
      retries: 30
    restart: unless-stopped

  restate: # Durable Session Execution
    image: docker.restate.dev/restatedev/restate:1.7.12
    container_name: nylorun-shop-restate
    labels: *tenant
    command: ["--node-name=restate-1"] # stable name, so data is found on restart
    environment:
      RESTATE_WORKER__INVOKER__REQUEST_IDENTITY_PRIVATE_KEY_PEM_FILE: /run/nylorun/restate-identity.pem
    volumes:
      - restate:/restate-data
      - \${NYLORUN_HOST_ROOT:?run nylorun start}/docker/restate-identity.pem:/run/nylorun/restate-identity.pem:ro
    networks: [store] # admin and UI not published: nylorun start --restate-ui
    healthcheck:
      test: ["CMD", "curl", "-fsS", "http://localhost:9070/health"]
      interval: 2s
      timeout: 5s
      retries: 30
    restart: unless-stopped

  s2-lite: # Durable Streams; not published, only the Runtime reaches it
    image: ghcr.io/s2-streamstore/s2:0.43.0
    container_name: nylorun-shop-s2-lite
    labels: *tenant
    command: ["lite", "--local-root", "/home/nonroot/data"] # local disk; listens on port 80
    # The image runs as uid 65532. Docker fills a new volume with the image's
    # /home/nonroot, owned by that user; a volume at a path the image lacks
    # (e.g. /data) is root-owned and s2-lite cannot write it.
    volumes:
      - s2-lite:/home/nonroot
    networks: [store]
    # The s2 image has no shell or HTTP client, so it has no health check;
    # the Runtime's /ready covers it.
    restart: unless-stopped

  rustfs: # the Object store (D35); not published, only the runtime and the gateway hold its credential
    image: rustfs/rustfs:1.0.1@sha256:1803faef57627e2d9c2e7d89d655d712ddded5389040054987163043fecb6a3c
    container_name: nylorun-shop-rustfs
    labels: *tenant
    environment:
      RUSTFS_ACCESS_KEY: nylorun
      RUSTFS_SECRET_KEY: \${NYLORUN_OBJECT_STORE_SECRET_KEY:?run nylorun start}
      RUSTFS_CONSOLE_ENABLE: "false" # no web console: clients go through the Runtime
      RUSTFS_OBS_LOG_DIRECTORY: "" # log to stdout (nylorun logs rustfs)
    # The image runs as uid 10001 and owns /data, which Docker copies into the new volume.
    volumes:
      - rustfs:/data
    networks: [store]
    healthcheck:
      test: ["CMD", "curl", "-fsS", "http://localhost:9000/health"]
      interval: 2s
      timeout: 5s
      retries: 30
    restart: unless-stopped

  gateway: # the Model and Tool Gates and keys: the vault key, credentials, signing, outbound calls; not published
    image: \${NYLORUN_RUNTIME_IMAGE:?run nylorun start}
    container_name: nylorun-shop-gateway
    labels: *tenant
    command: ["--service", "gates,keys"]
    user: "\${NYLORUN_UID:?run nylorun start}:\${NYLORUN_GID:?run nylorun start}"
    depends_on:
      postgres: { condition: service_healthy }
    environment:
      NYLORUN_HOME: /nylorun
      NYLORUN_PACKING: combined
      NYLORUN_GATES_LISTEN_PORT: "4100"
      NYLORUN_GATES_ALLOWED_HOSTS: gateway:4100
      NYLORUN_GATES_TOKEN: \${NYLORUN_GATES_TOKEN:?run nylorun start}
      NYLORUN_DATABASE_URL: postgres://nylorun:\${NYLORUN_POSTGRES_PASSWORD}@postgres:5432/nylorun
      # The Object store, where model-gate will read file parts (F8.1).
      NYLORUN_OBJECT_STORE_ENDPOINT: http://rustfs:9000
      NYLORUN_OBJECT_STORE_ACCESS_KEY: nylorun
      NYLORUN_OBJECT_STORE_SECRET_KEY: \${NYLORUN_OBJECT_STORE_SECRET_KEY:?run nylorun start}
      # MCP servers and HTTP tools on this machine: \`localhost\` in their URLs means the Docker host.
      NYLORUN_ENDPOINT_LOOPBACK: docker-host
      # Your credential resolver, for people's own MCP credentials (DEPLOYMENT.md, Credentials);
      # unset by default. Set both in the shell that runs \`nylorun start\`.
      NYLORUN_RESOLVER_URL: \${NYLORUN_RESOLVER_URL:-}
      NYLORUN_RESOLVER_TOKEN: \${NYLORUN_RESOLVER_TOKEN:-}
    extra_hosts:
      host.docker.internal: host-gateway # model servers, MCP servers and HTTP tools on this machine
    volumes:
      # The Tenant's homes and its vault key only, read-only.
      - \${NYLORUN_HOST_ROOT:?run nylorun start}/tenant:/nylorun/tenant:ro
      - \${NYLORUN_HOST_ROOT:?run nylorun start}/keys:/nylorun/keys:ro
    # Egress and the stores; the harness reaches its gates on \`harness\`.
    networks: [default, store, harness]
    healthcheck:
      test: ["CMD", "node", "-e", "fetch('http://localhost:4100/ready').then(r=>process.exit(r.ok?0:1),()=>process.exit(1))"]
      interval: 2s
      timeout: 5s
      retries: 60
    restart: unless-stopped

  runtime:
    image: \${NYLORUN_RUNTIME_IMAGE:?run nylorun start}
    container_name: nylorun-shop-runtime
    labels: *tenant
    command: ["--service", "core,loop"]
    user: "\${NYLORUN_UID:?run nylorun start}:\${NYLORUN_GID:?run nylorun start}"
    depends_on:
      postgres: { condition: service_healthy }
      restate: { condition: service_healthy }
      s2-lite: { condition: service_started }
      rustfs: { condition: service_healthy }
    environment:
      NYLORUN_HOME: /nylorun
      NYLORUN_PACKING: combined
      # The Tenant the Runtime creates on its first start (later starts open it).
      NYLORUN_TENANT_NAME: \${NYLORUN_TENANT_NAME:?run nylorun start}
      # Model calls, remote MCP calls and HTTP tool calls go through the gateway, and vault writes
      # and token signing through its keys service: this container never reads a credential
      # or the vault key.
      NYLORUN_GATES_URL: http://gateway:4100
      NYLORUN_KEYS_URL: http://gateway:4100
      NYLORUN_GATES_TOKEN: \${NYLORUN_GATES_TOKEN:?run nylorun start}
      NYLORUN_LISTEN_HOST: 0.0.0.0
      NYLORUN_LISTEN_PORT: "4000"
      # Host headers the Runtime accepts: its name on the Compose network, and the
      # published port as clients on this machine address it.
      NYLORUN_ALLOWED_HOSTS: runtime:4000,localhost:\${NYLORUN_PORT},127.0.0.1:\${NYLORUN_PORT}
      NYLORUN_PUBLIC_URL: http://localhost:\${NYLORUN_PORT}
      NYLORUN_DATABASE_URL: postgres://nylorun:\${NYLORUN_POSTGRES_PASSWORD}@postgres:5432/nylorun
      NYLORUN_RESTATE_INGRESS_URL: http://restate:8080
      NYLORUN_RESTATE_ADMIN_URL: http://restate:9070
      NYLORUN_WORKER_URL: http://runtime:9080 # registered with Restate; not published
      NYLORUN_RESTATE_IDENTITY_KEY: \${NYLORUN_RESTATE_IDENTITY_KEY:?run nylorun start}
      NYLORUN_S2_ENDPOINT: http://s2-lite:80
      NYLORUN_S2_TOKEN: ignored # s2-lite has no access tokens yet
      NYLORUN_WORKSPACE_STORE_URL: file:///workspaces
      # The Object store, through the BlobStore seam's s3 adapter; the runtime creates the bucket.
      NYLORUN_OBJECT_STORE_ENDPOINT: http://rustfs:9000
      NYLORUN_OBJECT_STORE_ACCESS_KEY: nylorun
      NYLORUN_OBJECT_STORE_SECRET_KEY: \${NYLORUN_OBJECT_STORE_SECRET_KEY:?run nylorun start}
      # MCP servers and HTTP tools on this machine: \`localhost\` in their URLs means the Docker host.
      NYLORUN_ENDPOINT_LOOPBACK: docker-host
      # Agent turns, MCP servers and workspaces run in the harness container, which connects to
      # this listener with NYLORUN_HARNESS_TOKEN. NYLORUN_HARNESS=in-process in .env rolls back.
      NYLORUN_HARNESS: \${NYLORUN_HARNESS:-remote}
      NYLORUN_HARNESS_LISTEN_PORT: "4200"
      NYLORUN_HARNESS_ALLOWED_HOSTS: runtime:4200
      NYLORUN_HARNESS_TOKEN: \${NYLORUN_HARNESS_TOKEN:?run nylorun start}
    extra_hosts:
      host.docker.internal: host-gateway # the Docker host, also on Linux Docker Engine
    volumes:
      - \${NYLORUN_HOST_ROOT:?run nylorun start}:/nylorun # Host root
      # Empty and read-only over the vault key (keys/) and the Compose secrets (docker/):
      # only the gateway reads the key, and only Restate its private key.
      - type: tmpfs
        target: /nylorun/keys
        read_only: true
        tmpfs: { size: 4096, mode: 0755 } # empty, and listable by the runtime user
      - type: tmpfs
        target: /nylorun/docker
        read_only: true
        tmpfs: { size: 4096, mode: 0755 } # empty, and listable by the runtime user
      - workspaces:/workspaces
    networks: [default, store, harness]
    ports:
      - "127.0.0.1:\${NYLORUN_PORT:?run nylorun start}:4000" # Runtime and Management APIs, SSE, browsers
    healthcheck: # liveness: a Tenant that cannot open is reported by nylorun start (/ready, nylorun-operate status), not by a 300 s wait
      test: ["CMD", "node", "-e", "fetch('http://localhost:4000/health').then(r=>process.exit(r.ok?0:1),()=>process.exit(1))"]
      interval: 2s
      timeout: 5s
      retries: 60
    restart: unless-stopped

  studio: # dashboard + trusted proxy
    image: \${NYLORUN_STUDIO_IMAGE:?run nylorun start}
    container_name: nylorun-shop-studio
    labels: *tenant
    user: "\${NYLORUN_UID}:\${NYLORUN_GID}" # reads the 0600 admin key file
    depends_on:
      runtime: { condition: service_healthy }
    environment:
      NYLORUN_RUNTIME_URL: http://runtime:4000 # the public listener: Runtime and Management API
      NYLORUN_ADMIN_KEY_FILE: /run/nylorun/host-credentials.json
      PORT: "3000"
      # Studio's Host check accepts localhost/127.0.0.1 on the published port.
      NYLORUN_STUDIO_PUBLIC_PORT: \${NYLORUN_STUDIO_PORT}
      # Browsers share cookies across ports of one host: a cookie per Tenant keeps the
      # sessions of two Studios on localhost apart.
      NYLORUN_STUDIO_SESSION_COOKIE: nylorun_studio_shop
      # Exact origins that may frame Studio (none by default: embedding is opt-in); kept in .env.
      NYLORUN_STUDIO_FRAME_ANCESTORS: \${NYLORUN_STUDIO_FRAME_ANCESTORS:-}
      # Studio's anonymous usage analytics; empty when telemetry is off.
      NYLORUN_STUDIO_ANALYTICS_ID: \${NYLORUN_STUDIO_ANALYTICS_ID:-}
      # Extra Host values Studio serves behind a sign-in proxy (studio.acme.dev),
      # comma-separated; from the environment of nylorun start.
      NYLORUN_STUDIO_ALLOWED_HOSTS: \${NYLORUN_STUDIO_ALLOWED_HOSTS:-}
    volumes:
      - \${NYLORUN_HOST_ROOT}/host-credentials.json:/run/nylorun/host-credentials.json:ro
    networks: [default]
    ports:
      - "127.0.0.1:\${NYLORUN_STUDIO_PORT:?run nylorun start}:3000" # opened as http://localhost:<port>
    healthcheck: # /healthz needs no session; Host studio:3000 is accepted
      test: ["CMD", "node", "-e", "require('http').get({port:3000,path:'/healthz',headers:{host:'studio:3000'}},r=>process.exit(r.statusCode===200?0:1)).on('error',()=>process.exit(1))"]
      interval: 2s
      timeout: 5s
      retries: 30
    restart: unless-stopped

  harness: # agent turns and workspaces; holds only the harness token; not published
    image: \${NYLORUN_RUNTIME_IMAGE:?run nylorun start}
    container_name: nylorun-shop-harness
    labels: *tenant
    command: ["--service", "harness"]
    user: "\${NYLORUN_UID:?run nylorun start}:\${NYLORUN_GID:?run nylorun start}"
    depends_on:
      runtime: { condition: service_healthy }
      gateway: { condition: service_healthy }
    environment:
      NYLORUN_HARNESS_URL: ws://runtime:4200/nylorun/harness/v1
      NYLORUN_HARNESS_TOKEN: \${NYLORUN_HARNESS_TOKEN:?run nylorun start}
      NYLORUN_GATES_URL: http://gateway:4100
      NYLORUN_HARNESS_ROOT: /harness
    volumes:
      # The Tenant's workspaces; nothing else.
      - \${NYLORUN_HOST_ROOT:?run nylorun start}/tenant/sandboxes:/harness/sandboxes
    networks: [harness]
    healthcheck: # healthy once connected to core's Harness API
      test: ["CMD", "node", "-e", "fetch('http://127.0.0.1:4300/health').then(r=>r.json()).then(b=>process.exit(b.connected?0:1),()=>process.exit(1))"]
      interval: 2s
      timeout: 5s
      retries: 90
    restart: unless-stopped

networks:
  default:
    name: nylorun-shop
    labels: *tenant
  store: # the stores: no egress, no published port
    name: nylorun-shop-store
    internal: true
    labels: *tenant
  harness: # the harness reaches the runtime's Harness API and the gateway only (egress for MCP servers and bash)
    name: nylorun-shop-harness
    labels: *tenant

volumes:
  postgres: { name: nylorun-shop-postgres, labels: *tenant }
  restate: { name: nylorun-shop-restate, labels: *tenant }
  s2-lite: { name: nylorun-shop-s2-lite, labels: *tenant }
  rustfs: { name: nylorun-shop-rustfs, labels: *tenant }
  workspaces: { name: nylorun-shop-workspaces, labels: *tenant }
"
`;
